// Jest Snapshot v1, https://goo.gl/fbAQLP

exports[`renders 1`] = `
<DocumentFragment>
  <div>
    <h1
      class="title is-1"
    >
      About Page
    </h1>
    <p
      class="content"
    >
      Content goes here
    </p>
  </div>
</DocumentFragment>
`;
