// Jest Snapshot v1, https://goo.gl/fbAQLP

exports[`renders 1`] = `
<DocumentFragment>
  <div>
    <h2
      class="title is-1"
    >
      Login
    </h2>
  </div>
</DocumentFragment>
`;
